# 2026-10-02T14:28:37
>>> help

bimo firmware v1 -- bench mode (nothing moves until `run`)
  scan                 ping IDs 0-253, report position/voltage/faults
  ping [id]            no id = check exactly the policy's servos
  id <old> <new>       assign a servo ID (EEPROM, one servo on the bus)
  pos <id>             position, speed, load, voltage, temp, faults
  move <id> <ticks> [ms] [steps/s]   2048 == middle, 4096 ticks/rev
  pose <t0..t9> [s<ms>|t<ms>|steps/s]  all 10 targets (joint order);
                       default = SMOOTH min-jerk (auto duration); s<ms> sets it,
                       tokens h<pct> a<acc> b<ticks> i<ms>; t<ms> unison; N = const speed
  reg <id> <addr> [1|2]  READ a servo register (PID 21-23, deadzone 26/27, acc 41)
  home [steps/s]       every joint to its calibrated zero (the stand),
                       torque ON and holding -- works after a fall
  release [id] | torque [id]   no id = broadcast
  middle <id>          latch the current angle as 2048, torque off
  volt                 pack voltage, read off the servos (no board ADC)
  batt [reset]         under-voltage guard state; reset after a pack swap
  cal [show|zero|dir|set|migrate|save|load|reset]   zero + dir (NVS)
  shape [hz]           C2 command-shaping pole; 0 = off (raw/jerky)
  obsfreeze [none|up|gyro|imu|dq|gain=k]  bench: freeze/scale policy-obs parts
  run | bench          hand the bus to / take it back from the loop
  imu [scan|raw [n]|ring [ms]|avg [on|off]|gscale [x y z]|reinit|bias|mount|forget]
  wifi [<ssid> <psk>|clear]   UDP link status / credentials (NVS)
  ntp                  wall clock: SNTP sync state (server from DHCP)
  stat                 tick timing and fault counters
  obsdump [on|off|once]   stream the policy's observation as CSV
>>> imu scan
i2c GPIO 32/33 @ 400000 Hz: 4 device(s)
  0x0C  AK09918C  magne
>>> 

>>> scan
scanning IDs 0-253 ...
  id  30  pos  2785  12.1 V  err 0x00  -
1 servo(s)
>>> bno
? (try `help`)
>>> imu scan
i2c GPIO 32/33 @ 400000 Hz: 4 device(s)
  0x0C  AK09918C  magnetometer (unused)
  0x42  INA219    power monitor (unused)
  0x4B  BNO085    (P1 upgrade path)
  0x6B  QMI8658C  6-axis IMU
# 2026-10-02T14:31:54 after flash
>>> imu scan
i2c GPIO 32/33 @ 400000 Hz: 4 device(s)
  0x0C  AK09918C  magnetometer (unused)
  0x42  INA219    power monitor (unused)
  0x4B  BNO085    (P1 upgrade path)
  0x6B  QMI8658C  6-axis IMU
>>> scan
scanning IDs 0-253 ...
  id  30  pos  2785  12.1 V  err 0x00  -
1 servo(s)
>>> gains 30
id 30  P 32  D 32  I 0   expected (no row in servo_gains.h)
>>> pos 30
id 30  pos  2785  spd     0  load    0  12.1 V  30 C  err 0x00
>>> reg 30 40 1
id 30 reg 40 = 0 (0x00)
>>> bno
bno: no reply at 0x28 -- `imu scan`; check VIN/GND/SDA/SCL
# 2026-10-02T14:39:54 bno08x test
>>> imu scan
i2c GPIO 32/33 @ 400000 Hz: 4 device(s)
  0x0C  AK09918C  magnetometer (unused)
  0x42  INA219    power monitor (unused)
  0x4B  BNO08x    (P1; bench accelerometer, `bno`)
  0x6B  QMI8658C  6-axis IMU
>>> bno
bno: BNO08x at 0x4B, drained 4 start-up packet(s), Set Feature sent, 2 packet(s) after; READY a = 238 644 714 mg
>>> bno rec 2000
bno rec: started t0_us 6156640, 2000 ms, room for 2216 samples
>>> bno status
bno: idle, 1021 samples
>>> bno dump
bno dump n=1021 t0_us=6156640
40 238 644 707
40 246 648 711
40 242 644 707
40 242 648 702
40 242 656 710
40 238 652 706
40 234 648 707
40 234 644 706
40 234 644 702
40 234 648 710
40 234 644 711
40 234 648 707
40 238 644 707
40 242 644 710
40 242 640 706
40 242 640 715
40 238 648 711
40 246 644 707
40 242 644 710
40 242 644 707
40 234 644 706
8587 234 648 703
11296 238 652 711
11296 238 648 702
14692 238 648 706
16726 234 644 711
18567 238 648 706
21055 238 644 707
22640 246 648 706
25822 242 648 711
25822 242 644 707
28822 242 648 706
30561 242 648 711
32824 238 644 710
32824 238 648 706
36822 242 648 706
38524 234 644 706
40824 238 640 706
40824 234 648 707
44822 230 640 707
46821 234 644 706
46821 238 652 706
51822 242 644 707
51822 242 648 711
54435 242 648 706
56822 242 648 706
56822 242 644 710
60823 242 652 702
62417 242 648 706
64822 238 644 710
64822 242 648 711
68822 234 648 707
70417 234 644 711
72822 238 644 710
72822 238 644 707
76822 238 644 707
78388 234 648 710
80822 242 640 715
80822 242 640 706
84822 242 644 714
86411 242 652 706
88822 242 652 711
88822 238 652 711
92828 238 648 711
94422 242 652 706
96822 234 652 707
96822 238 644 707
100826 234 644 702
102419 230 648 703
104822 234 648 703
104822 238 640 706
108822 234 644 706
110384 234 644 706
112822 238 644 707
112822 246 648 711
116194 242 648 706
118826 238 648 711
118826 242 652 706
122828 242 648 702
122828 238 648 702
126828 238 648 702
126828 238 648 706
130828 238 652 706
130828 234 648 707
134122 238 644 707
136823 234 644 706
136823 238 652 706
140184 238 648 706
142822 242 640 706
142822 238 648 711
146822 242 640 718
146822 246 652 702
150822 238 644 710
150822 242 648 706
154291 242 648 706
156327 242 648 706
158821 238 652 706
158821 238 648 702
162135 234 644 702
164822 238 644 707
164822 234 652 710
168822 230 648 710
168822 234 648 703
172822 238 648 706
172822 238 648 706
176823 242 644 703
176823 242 648 706
180825 246 644 707
180825 242 648 711
184065 242 644 703
186821 238 644 707
186821 238 648 706
190162 238 648 706
192821 238 648 702
192821 230 644 711
196822 234 648 714
196822 234 648 707
199988 238 644 707
202822 238 648 706
202822 238 648 706
206017 242 640 706
208822 242 644 707
208822 238 652 711
212822 246 652 706
212822 242 648 706
216091 242 644 707
218824 238 648 706
218824 242 648 711
222080 238 648 706
224822 234 644 706
224822 230 644 711
228093 234 640 707
230823 234 644 711
230823 242 640 706
234089 238 644 714
236825 238 644 710
236825 242 648 711
240057 242 644 710
242822 246 640 715
242822 242 652 711
246036 238 652 702
248821 242 652 711
248821 238 652 711
252002 234 656 706
254822 234 648 703
254822 234 648 707
258005 238 648 711
260822 234 652 707
260822 234 644 711
263977 234 640 707
266822 242 644 707
266822 242 640 715
269959 242 640 711
272822 250 648 706
272822 246 644 710
275947 242 648 711
278822 242 644 707
278822 242 648 711
281923 242 648 706
284822 238 652 706
284822 234 648 707
287910 238 648 706
290822 234 648 707
290822 234 648 707
294110 238 648 706
295851 238 648 711
298826 238 648 706
298826 242 648 706
301821 242 644 703
303914 246 644 707
306822 246 648 706
306822 242 648 711
309846 242 648 711
312822 238 648 706
312822 238 648 706
315834 238 644 710
318822 238 644 703
318822 234 648 707
321821 230 640 707
323773 234 644 702
326822 234 652 710
326822 238 648 702
329822 238 648 711
331730 242 648 706
334822 242 648 711
334822 246 652 715
337834 242 648 702
339756 242 652 706
342822 242 652 711
342822 246 648 706
345821 238 648 706
347644 234 648 707
350822 234 644 706
350822 238 644 707
353847 234 644 706
355716 234 648 714
358824 242 644 707
358824 242 644 710
361821 238 644 710
363619 238 644 707
366822 246 648 706
366822 242 652 715
369823 246 648 711
371599 242 648 706
374822 242 648 706
374822 242 648 706
377821 234 648 714
379649 234 648 703
382822 234 648 707
382822 238 644 710
385822 234 644 702
387603 238 644 710
390822 242 644 707
390822 238 640 706
393843 242 640 706
395574 246 644 714
397822 242 644 714
397822 242 648 706
402005 242 652 706
403823 242 652 706
403823 238 652 706
408822 234 648 710
408822 234 648 707
411476 234 648 710
413850 234 644 706
413850 238 648 702
417821 234 648 707
419458 238 644 707
421822 238 648 711
421822 242 648 706
425821 242 648 706
427457 242 644 710
429823 246 648 711
429823 242 648 706
433851 242 648 706
435452 238 652 706
437832 238 648 715
437832 238 648 706
441821 234 648 703
443464 234 648 707
445824 234 648 707
445824 230 648 710
449282 230 648 707
451821 238 644 707
451821 238 644 714
455831 238 644 710
457396 242 644 703
459822 242 648 706
459822 242 644 707
463825 242 644 703
465383 250 648 711
467821 238 648 711
467821 234 652 707
471830 230 652 707
473360 238 644 707
475821 230 648 703
475821 234 644 702
479477 234 644 706
481300 234 648 710
483822 238 644 707
483822 238 648 706
487826 238 648 706
487826 238 648 711
491821 242 648 706
493320 242 652 706
495822 242 644 703
495822 242 644 707
499130 234 644 706
501821 238 640 706
501821 234 648 710
505822 234 648 707
505822 234 652 707
509823 234 644 711
509823 238 636 715
513854 238 640 706
513854 242 644 707
517129 238 648 706
519824 242 648 699
519824 246 648 706
523821 242 648 706
523821 246 648 702
527822 238 648 715
527822 238 648 711
531822 238 648 711
531822 238 648 702
535822 234 648 707
535822 234 644 702
539823 234 644 715
539823 230 640 707
543822 234 640 710
543822 238 644 707
546993 242 648 706
549823 238 640 706
549823 242 648 706
553071 246 644 707
555822 246 648 711
555822 242 652 702
559126 242 648 711
561825 238 648 702
561825 234 652 707
565148 234 648 703
567825 230 648 710
567825 226 648 707
571822 234 648 703
571822 238 640 702
574978 234 644 711
577822 234 644 706
577822 242 636 706
581055 238 644 707
583822 242 644 714
583822 246 648 706
587042 246 652 711
589826 238 648 702
589826 242 644 710
593048 238 648 702
595824 238 652 711
595824 234 652 703
598843 234 652 714
601822 234 644 706
601822 226 648 710
605030 234 644 711
607822 238 648 706
607822 238 644 710
611009 242 644 710
613852 246 644 707
613852 246 648 706
616980 242 648 711
619823 238 644 710
619823 238 648 706
622964 238 648 706
625822 238 644 707
625822 234 648 710
628955 238 644 710
631822 234 648 707
631822 234 644 706
634968 238 644 707
637832 238 648 706
637832 238 648 706
640953 242 652 702
643822 238 644 703
643822 242 652 706
646927 238 648 711
649823 246 652 706
649823 242 648 715
652892 242 644 707
655822 238 648 706
655822 238 648 702
658903 234 640 703
661822 230 640 710
661822 238 644 707
664864 230 644 699
667822 242 644 707
667822 238 648 706
670854 242 648 706
673844 238 648 706
673844 242 652 706
676843 246 648 706
679823 242 648 711
679823 246 652 706
682821 242 648 715
685822 234 644 706
685822 234 652 710
688826 234 644 706
690740 230 648 710
693845 238 644 707
693845 238 648 706
696825 230 648 707
696825 238 644 707
701120 238 644 707
702822 242 644 710
705373 242 644 710
706681 246 644 710
709823 246 648 711
709823 246 652 711
712823 242 648 706
714913 238 652 706
716822 238 648 706
718678 234 644 711
721822 234 648 707
721822 234 648 703
724822 234 640 710
726686 230 648 710
729823 242 648 715
729823 238 644 703
732821 238 640 706
734625 238 644 710
737832 246 644 707
737832 246 648 711
740822 242 648 706
742626 246 644 707
745822 246 648 706
745822 242 648 711
748821 238 644 707
750555 234 652 707
752822 238 648 702
752822 234 648 707
756821 234 644 711
758562 234 648 710
760822 234 644 706
760822 238 648 706
764821 238 644 707
766539 242 644 707
768827 250 644 707
768827 242 648 702
772821 242 644 710
774514 242 644 710
776828 242 652 711
776828 242 648 706
780821 238 640 706
782443 234 644 706
784822 238 648 706
784822 234 644 706
788830 230 648 703
790822 234 644 706
790822 238 648 711
795822 242 652 711
795822 242 648 711
798394 242 648 711
800821 242 652 711
800821 242 652 711
804833 242 652 702
806404 242 644 710
808821 238 648 702
808821 234 644 711
812830 238 640 711
814821 238 644 707
814821 238 648 706
819823 234 648 710
819823 238 644 703
822317 234 640 707
824822 238 644 707
824822 238 648 702
828821 246 648 706
830324 246 656 707
832822 242 648 715
832822 242 648 711
836821 242 652 711
838343 242 652 711
840822 234 648 707
840822 238 652 711
844821 238 648 706
846340 234 648 714
848822 234 648 707
848822 242 644 710
852824 238 640 711
854344 238 640 711
856822 242 644 703
856822 242 640 711
860176 246 644 710
862823 242 640 711
862823 246 652 711
866822 238 652 706
866822 242 652 706
870822 242 656 707
870822 238 648 711
874822 234 652 707
874822 234 652 710
878112 234 644 715
880821 230 648 710
880821 234 648 710
884822 234 648 710
884822 238 644 707
888822 242 648 706
888822 242 648 711
892822 242 648 711
892822 246 644 710
896822 238 652 706
896822 242 648 711
900822 242 648 711
900822 242 644 707
904822 238 652 702
904822 230 648 703
908822 234 652 710
908822 230 652 710
912821 230 644 706
912821 238 644 710
916053 234 644 711
918827 234 644 711
918827 242 648 702
922098 246 644 710
924824 246 644 710
924824 246 648 711
928145 238 644 707
930829 242 644 707
930829 242 644 707
933936 238 648 706
936822 238 644 707
936822 230 644 711
940004 234 640 707
942822 234 640 703
942822 238 640 706
946057 234 648 707
948823 238 648 706
948823 242 644 707
951864 242 648 706
954822 242 648 706
954822 242 648 715
957938 246 648 711
960822 242 648 711
960822 242 652 711
964002 238 644 703
966822 238 648 702
966822 234 648 707
970042 234 644 706
972822 238 644 707
972822 230 648 703
976011 238 644 707
978823 238 640 706
978823 238 648 711
981984 238 648 711
984822 246 644 703
984822 246 652 702
987965 242 644 710
990822 242 648 706
990822 238 648 715
993953 238 652 711
996822 238 644 707
996822 234 648 703
999927 238 644 714
1002822 234 652 710
1002822 238 648 706
1005908 234 640 707
1008822 230 644 711
1008822 242 644 707
1011905 242 644 707
1014822 242 648 715
1014822 246 644 703
1017931 242 648 702
1020822 242 648 706
1020822 238 648 711
1023885 246 648 711
1026822 242 648 706
1026822 238 644 714
1029869 238 652 702
1032822 234 648 707
1032822 234 644 706
1035848 238 644 707
1038822 230 644 706
1038822 238 640 711
1041832 242 640 711
1044822 242 644 707
1044822 242 644 707
1047821 242 648 706
1049774 246 644 710
1052822 246 648 706
1052822 242 644 710
1055822 238 648 711
1058442 238 656 710
1059767 238 648 711
1062822 238 652 711
1062822 234 648 710
1065822 238 652 702
1067735 234 648 707
1070822 238 644 710
1070822 238 644 703
1073842 234 648 710
1076413 242 644 703
1077740 242 648 706
1080822 242 648 711
1080822 246 648 706
1083824 238 644 714
1085639 238 648 715
1088822 238 648 711
1088822 238 644 710
1091821 234 644 711
1093639 234 648 714
1096822 230 648 710
1096822 238 648 706
1099823 230 648 703
1101618 234 644 711
1104822 234 648 710
1104822 238 644 707
1107821 238 648 702
1109585 246 652 702
1112822 242 648 706
1112822 242 652 715
1115822 246 652 711
1117602 246 648 702
1119671 238 644 707
1122822 234 644 706
1122822 234 648 698
1125478 238 644 698
1127823 238 640 706
1127823 238 648 706
1131822 234 644 706
1133843 238 644 710
1133843 242 644 707
1138822 242 644 710
1138822 242 648 711
1141437 242 652 711
1143822 238 648 706
1143822 246 648 715
1147821 238 652 711
1149458 238 652 706
1151822 238 648 711
1151822 238 648 711
1155395 238 648 706
1157821 234 644 706
1157821 234 644 715
1161822 234 640 707
1163821 234 644 702
1163821 238 640 711
1168822 242 640 711
1168822 242 648 702
1171339 246 648 711
1173845 238 648 706
1173845 246 652 715
1177822 242 652 706
1179411 242 652 706
1181822 238 652 706
1181822 238 652 706
1185825 234 648 710
1187711 234 648 707
1189825 230 644 711
1189825 238 640 706
1193845 234 644 706
1193845 242 644 710
1197830 238 648 706
1199441 242 644 707
1201821 246 640 711
1201821 246 648 702
1205263 246 648 706
1207822 242 648 711
1207822 238 648 711
1211821 238 648 702
1211821 242 648 706
1215821 242 652 702
1217822 230 652 698
1217822 230 640 710
1222822 226 644 711
1222822 238 644 707
1225250 242 644 707
1227821 238 648 711
1227821 242 648 711
1231824 242 640 706
1231824 242 644 703
1235134 246 644 707
1237835 242 644 703
1237835 242 648 711
1241823 238 644 710
1241823 234 648 707
1245185 238 644 707
1247830 234 648 710
1247830 234 648 703
1251822 226 648 710
1251822 230 644 711
1255822 234 644 711
1255822 234 648 714
1259829 238 648 711
1259829 242 648 702
1263078 242 648 706
1265823 242 652 706
1265823 242 648 706
1269825 246 656 710
1269825 238 648 711
1273108 238 648 711
1275821 234 648 707
1275821 234 648 707
1279823 238 648 706
1279823 234 648 710
1283822 234 644 711
1283822 230 644 702
1286973 238 640 711
1289826 234 644 706
1289826 238 648 711
1293052 242 648 711
1295824 242 648 702
1295824 246 652 702
1299823 246 652 702
1299823 250 652 711
1303822 242 652 702
1303822 238 648 706
1307822 234 648 703
1307822 234 644 706
1311822 238 644 707
1311822 234 644 706
1315822 234 644 706
1315822 234 644 706
1318912 234 644 706
1321822 242 640 706
1321822 246 644 714
1324960 242 644 707
1327822 246 648 702
1327822 246 648 711
1330986 246 652 702
1333850 238 648 706
1333850 242 648 706
1337016 234 652 707
1339824 234 644 706
1339824 234 644 706
1342985 230 644 711
1345822 234 644 715
1345822 238 644 710
1348963 238 644 703
1351822 242 640 711
1351822 242 648 706
1354937 246 640 706
1357822 246 640 702
1357822 242 652 711
1360956 242 648 702
1363822 242 648 711
1363822 238 652 711
1366942 234 656 711
1369823 238 648 706
1369823 230 648 707
1372888 234 648 710
1375822 230 648 703
1375822 234 648 703
1378871 230 644 706
1381822 242 652 711
1381822 238 640 706
1384889 234 644 702
1387822 246 648 702
1387822 246 644 710
1390866 246 644 714
1393844 246 648 706
1393844 238 652 706
1396848 242 648 711
1399823 234 648 707
1399823 234 644 706
1402866 234 652 710
1405822 234 652 703
1405822 238 644 710
1408823 234 644 706
1410805 234 644 706
1413847 238 644 707
1413847 238 644 703
1416828 242 644 710
1419823 238 644 703
1419823 242 648 711
1422821 242 648 706
1424767 246 644 703
1427823 238 644 710
1427823 238 648 702
1430821 238 648 706
1432754 242 648 711
1435822 230 644 706
1435822 234 644 711
1438827 238 644 707
1440693 238 644 710
1443822 234 644 711
1443822 238 648 702
1446824 242 648 706
1448822 238 648 711
1450821 242 652 706
1452639 246 644 710
1455822 242 644 710
1455822 242 652 706
1458821 242 648 715
1460639 238 648 706
1463822 230 648 703
1463822 234 644 706
1466822 230 644 711
1468847 234 640 710
1470822 234 644 706
1472613 238 644 707
1475822 238 644 710
1475822 242 644 707
1478821 242 644 714
1480599 238 648 706
1483822 242 644 707
1483822 242 652 706
1486822 242 652 715
1488577 238 648 711
1491822 234 648 710
1491822 238 648 715
1494821 238 648 706
1496511 234 644 706
1498829 234 644 706
1498829 234 644 711
1502821 230 644 706
1504490 234 640 710
1506827 238 644 710
1506827 242 644 707
1510821 242 648 706
1512822 246 644 710
1512822 246 648 706
1517822 238 652 706
1517822 242 652 706
1520417 234 652 710
1522882 234 648 710
1522882 234 648 707
1526830 234 648 707
1528821 234 648 710
1528821 234 648 710
1533850 238 640 706
1533850 242 644 703
1536373 242 648 702
1538822 242 640 711
1538822 246 644 710
1542830 246 644 707
1544366 246 648 711
1546822 246 644 710
1546822 242 648 702
1550824 234 652 707
1552365 238 648 711
1554822 238 652 706
1554822 242 652 702
1558831 234 652 703
1560369 230 652 707
1562822 234 648 703
1562822 230 648 710
1566821 234 648 710
1568357 238 644 707
1570822 246 644 703
1570822 246 648 706
1574821 246 648 706
1576322 242 644 710
1578822 246 648 706
1578822 242 648 699
1582821 234 648 703
1582821 242 644 710
1586824 238 648 715
1588315 234 644 711
1590822 238 648 711
1590822 230 644 711
1594821 234 644 706
1596315 234 648 710
1598822 238 644 707
1598822 242 644 703
1602828 242 648 711
1602828 242 644 710
1606821 246 652 706
1608321 246 648 702
1610822 246 644 710
1610822 242 644 710
1614094 238 648 706
1616821 238 644 707
1616821 230 644 706
1620833 234 640 710
1622822 234 644 711
1622822 234 644 706
1626091 234 644 706
1628823 234 648 703
1628823 242 644 710
1632200 242 640 715
1634830 242 652 711
1634830 238 648 711
1638823 242 648 711
1638823 242 648 706
1642096 242 652 711
1644823 238 652 706
1644823 234 652 707
1648822 234 644 702
1648822 234 648 710
1652822 230 644 706
1652822 234 644 706
1656822 234 648 707
1656822 242 652 706
1660822 242 644 707
1660822 242 644 714
1664822 246 648 706
1664822 242 648 706
1668822 246 652 706
1668822 246 648 711
1672822 242 648 715
1672822 238 656 710
1675932 238 648 699
1678822 238 648 702
1678822 234 648 703
1682007 230 648 707
1684823 230 644 711
1684823 242 640 715
1688103 234 640 710
1690822 238 644 707
1690822 242 640 706
1694089 246 648 706
1696823 242 644 710
1696823 242 644 710
1700054 238 648 702
1702822 242 648 715
1702822 246 648 706
1706042 242 648 706
1708827 242 648 706
1708827 234 656 702
1712012 230 648 703
1714823 234 648 707
1714823 230 648 710
1718044 234 644 706
1720827 234 644 711
1720827 238 640 702
1723970 242 648 711
1726822 242 640 702
1726822 242 648 711
1730013 246 648 711
1732822 246 648 706
1732822 242 652 702
1735962 242 648 706
1738822 234 652 710
1738822 238 648 702
1741962 238 652 706
1744822 230 648 707
1744822 234 644 702
1747945 230 648 707
1750822 230 648 710
1750822 234 648 714
1753936 234 644 715
1756822 238 648 711
1756822 246 648 706
1759902 246 648 706
1762822 242 648 706
1762822 246 644 707
1765876 246 648 711
1768822 238 648 702
1768822 238 648 711
1771876 230 644 711
1774822 238 644 703
1774822 230 644 702
1777918 234 644 702
1779823 238 640 702
1782427 230 648 710
1783767 238 648 711
1786824 238 644 710
1786824 238 644 710
1789841 242 648 715
1792822 246 652 706
1792822 242 648 706
1795832 242 652 711
1798823 246 652 711
1798823 242 648 706
1801821 234 648 707
1803789 234 640 710
1806822 234 644 715
1806822 238 644 707
1809822 234 644 706
1812459 238 644 707
1813804 238 644 710
1816823 238 648 715
1816823 246 648 711
1819825 242 648 706
1821726 242 648 711
1824822 238 648 706
1824822 242 652 711
1827825 238 648 706
1830475 234 652 707
1831806 230 644 706
1833652 234 648 710
1836824 234 648 707
1836824 234 648 698
1839822 238 644 707
1841622 238 648 715
1844822 238 648 711
1844822 238 640 715
1847822 238 648 706
1849616 242 648 706
1852822 242 648 706
1852822 242 648 711
1855821 246 648 711
1857625 242 652 715
1860822 242 656 698
1860822 238 648 706
1863822 230 644 711
1865568 230 644 702
1868822 230 648 707
1868822 234 640 707
1871821 234 644 706
1873582 238 636 711
1876822 238 640 711
1876822 238 644 707
1879823 242 648 706
1881528 246 644 707
1883821 246 644 710
1883821 246 652 711
1887822 242 652 711
1889513 238 652 706
1891823 242 648 706
1891823 230 656 706
1895822 234 648 710
1897490 234 648 710
1899822 230 644 715
1899822 234 644 711
1903822 234 640 703
1905454 234 644 711
1907826 238 644 710
1907826 242 644 710
1911822 246 640 715
1913430 238 648 706
1915821 242 652 706
1915821 246 648 706
1919282 242 644 707
1921822 238 648 711
1921822 238 648 706
1926823 238 648 706
1926823 234 652 703
1929420 230 652 703
1931821 230 644 706
1931821 234 644 706
1935249 234 648 707
1937832 234 644 706
1937832 238 648 711
1942823 242 648 711
1942823 242 648 706
1945467 246 644 710
1947821 242 652 706
1947821 242 644 707
1951822 238 644 707
1953399 238 648 702
1955821 238 648 711
1955821 234 644 706
1959497 234 648 707
1961309 230 644 715
1963822 234 644 706
1963822 238 648 702
1967821 238 648 702
1969351 242 648 711
1971822 242 648 706
1973844 242 644 710
1973844 242 652 702
1977823 238 648 706
1977823 246 648 706
1981821 234 644 711
1983307 242 648 706
1985822 242 640 706
1985822 238 648 711
1989822 234 648 703
1989822 238 648 715
1993145 234 644 711
1995832 238 644 703
1995832 238 644 707
1999823 234 644 711
1999823 246 640 711
bno dump end
SUMMARY n 1021 over 2.00 s = 511 Hz; mean x 239 y 647 z 708 mg; |a| 988 mg; sd x 4.5
